[2022-03-08T18:06:25.382+0700][gc,heap] Heap region size: 1M
[2022-03-08T18:06:25.390+0700][gc     ] Using G1
[2022-03-08T18:06:25.390+0700][gc,heap,coops] Heap address: 0x00000000c0000000, size: 1024 MB, Compressed Oops mode: 32-bit
[2022-03-08T18:06:25.390+0700][gc,cds       ] Mark closed archive regions in map: [0x00000000fff00000, 0x00000000fff6aff8]
[2022-03-08T18:06:25.390+0700][gc,cds       ] Mark open archive regions in map: [0x00000000ffe00000, 0x00000000ffe46ff8]
[2022-03-08T18:06:27.318+0700][gc,start     ] GC(0) Pause Young (Normal) (G1 Evacuation Pause)
[2022-03-08T18:06:27.319+0700][gc,task      ] GC(0) Using 8 workers of 8 for evacuation
[2022-03-08T18:06:27.343+0700][gc,mmu       ] GC(0) MMU target violated: 21.0ms (20.0ms/21.0ms)
[2022-03-08T18:06:27.343+0700][gc,phases    ] GC(0)   Pre Evacuate Collection Set: 0.1ms
[2022-03-08T18:06:27.343+0700][gc,phases    ] GC(0)   Evacuate Collection Set: 21.6ms
[2022-03-08T18:06:27.343+0700][gc,phases    ] GC(0)   Post Evacuate Collection Set: 1.3ms
[2022-03-08T18:06:27.343+0700][gc,phases    ] GC(0)   Other: 1.7ms
[2022-03-08T18:06:27.343+0700][gc,heap      ] GC(0) Eden regions: 51->0(44)
[2022-03-08T18:06:27.343+0700][gc,heap      ] GC(0) Survivor regions: 0->7(7)
[2022-03-08T18:06:27.343+0700][gc,heap      ] GC(0) Old regions: 2->2
[2022-03-08T18:06:27.343+0700][gc,heap      ] GC(0) Humongous regions: 0->0
[2022-03-08T18:06:27.343+0700][gc,metaspace ] GC(0) Metaspace: 14864K->14864K(1062912K)
[2022-03-08T18:06:27.343+0700][gc           ] GC(0) Pause Young (Normal) (G1 Evacuation Pause) 51M->7M(1024M) 24.733ms
[2022-03-08T18:06:27.343+0700][gc,cpu       ] GC(0) User=0.08s Sys=0.10s Real=0.02s
[2022-03-08T18:06:29.049+0700][gc,start     ] GC(1) Pause Young (Concurrent Start) (Metadata GC Threshold)
[2022-03-08T18:06:29.049+0700][gc,task      ] GC(1) Using 8 workers of 8 for evacuation
[2022-03-08T18:06:29.073+0700][gc,mmu       ] GC(1) MMU target violated: 21.0ms (20.0ms/21.0ms)
[2022-03-08T18:06:29.074+0700][gc,phases    ] GC(1)   Pre Evacuate Collection Set: 0.1ms
[2022-03-08T18:06:29.074+0700][gc,phases    ] GC(1)   Evacuate Collection Set: 23.6ms
[2022-03-08T18:06:29.074+0700][gc,phases    ] GC(1)   Post Evacuate Collection Set: 0.6ms
[2022-03-08T18:06:29.074+0700][gc,phases    ] GC(1)   Other: 0.5ms
[2022-03-08T18:06:29.074+0700][gc,heap      ] GC(1) Eden regions: 25->0(50)
[2022-03-08T18:06:29.074+0700][gc,heap      ] GC(1) Survivor regions: 7->1(7)
[2022-03-08T18:06:29.074+0700][gc,heap      ] GC(1) Old regions: 2->9
[2022-03-08T18:06:29.074+0700][gc,heap      ] GC(1) Humongous regions: 0->0
[2022-03-08T18:06:29.074+0700][gc,metaspace ] GC(1) Metaspace: 20501K->20501K(1067008K)
[2022-03-08T18:06:29.074+0700][gc           ] GC(1) Pause Young (Concurrent Start) (Metadata GC Threshold) 31M->8M(1024M) 24.883ms
[2022-03-08T18:06:29.074+0700][gc,cpu       ] GC(1) User=0.09s Sys=0.08s Real=0.03s
[2022-03-08T18:06:29.074+0700][gc           ] GC(2) Concurrent Cycle
[2022-03-08T18:06:29.074+0700][gc,marking   ] GC(2) Concurrent Clear Claimed Marks
[2022-03-08T18:06:29.074+0700][gc,marking   ] GC(2) Concurrent Clear Claimed Marks 0.051ms
[2022-03-08T18:06:29.074+0700][gc,marking   ] GC(2) Concurrent Scan Root Regions
[2022-03-08T18:06:29.075+0700][gc,marking   ] GC(2) Concurrent Scan Root Regions 0.947ms
[2022-03-08T18:06:29.075+0700][gc,marking   ] GC(2) Concurrent Mark (3.696s)
[2022-03-08T18:06:29.075+0700][gc,marking   ] GC(2) Concurrent Mark From Roots
[2022-03-08T18:06:29.075+0700][gc,task      ] GC(2) Using 2 workers of 2 for marking
[2022-03-08T18:06:29.082+0700][gc,marking   ] GC(2) Concurrent Mark From Roots 7.335ms
[2022-03-08T18:06:29.082+0700][gc,marking   ] GC(2) Concurrent Preclean
[2022-03-08T18:06:29.082+0700][gc,marking   ] GC(2) Concurrent Preclean 0.133ms
[2022-03-08T18:06:29.082+0700][gc,marking   ] GC(2) Concurrent Mark (3.696s, 3.704s) 7.587ms
[2022-03-08T18:06:29.083+0700][gc,start     ] GC(2) Pause Remark
[2022-03-08T18:06:29.088+0700][gc,stringtable] GC(2) Cleaned string and symbol table, strings: 5112 processed, 0 removed, symbols: 50471 processed, 40 removed
[2022-03-08T18:06:29.088+0700][gc            ] GC(2) Pause Remark 8M->8M(1024M) 5.188ms
[2022-03-08T18:06:29.088+0700][gc,cpu        ] GC(2) User=0.03s Sys=0.00s Real=0.01s
[2022-03-08T18:06:29.088+0700][gc,marking    ] GC(2) Concurrent Rebuild Remembered Sets
[2022-03-08T18:06:29.091+0700][gc,marking    ] GC(2) Concurrent Rebuild Remembered Sets 3.241ms
[2022-03-08T18:06:29.104+0700][gc,start      ] GC(2) Pause Cleanup
[2022-03-08T18:06:29.104+0700][gc            ] GC(2) Pause Cleanup 8M->8M(1024M) 0.373ms
[2022-03-08T18:06:29.104+0700][gc,cpu        ] GC(2) User=0.00s Sys=0.00s Real=0.00s
[2022-03-08T18:06:29.104+0700][gc,marking    ] GC(2) Concurrent Cleanup for Next Mark
[2022-03-08T18:06:29.111+0700][gc,marking    ] GC(2) Concurrent Cleanup for Next Mark 6.753ms
[2022-03-08T18:06:29.111+0700][gc            ] GC(2) Concurrent Cycle 37.267ms
[2022-03-08T18:06:46.992+0700][gc,start      ] GC(3) Pause Young (Normal) (G1 Evacuation Pause)
[2022-03-08T18:06:46.992+0700][gc,task       ] GC(3) Using 8 workers of 8 for evacuation
[2022-03-08T18:06:46.995+0700][gc,phases     ] GC(3)   Pre Evacuate Collection Set: 0.1ms
[2022-03-08T18:06:46.995+0700][gc,phases     ] GC(3)   Evacuate Collection Set: 2.2ms
[2022-03-08T18:06:46.995+0700][gc,phases     ] GC(3)   Post Evacuate Collection Set: 0.8ms
[2022-03-08T18:06:46.995+0700][gc,phases     ] GC(3)   Other: 0.2ms
[2022-03-08T18:06:46.995+0700][gc,heap       ] GC(3) Eden regions: 50->0(47)
[2022-03-08T18:06:46.995+0700][gc,heap       ] GC(3) Survivor regions: 1->4(7)
[2022-03-08T18:06:46.995+0700][gc,heap       ] GC(3) Old regions: 9->9
[2022-03-08T18:06:46.995+0700][gc,heap       ] GC(3) Humongous regions: 129->129
[2022-03-08T18:06:46.995+0700][gc,metaspace  ] GC(3) Metaspace: 29050K->29050K(1075200K)
[2022-03-08T18:06:46.995+0700][gc            ] GC(3) Pause Young (Normal) (G1 Evacuation Pause) 187M->139M(1024M) 3.518ms
[2022-03-08T18:06:46.995+0700][gc,cpu        ] GC(3) User=0.02s Sys=0.00s Real=0.01s
[2022-03-08T18:06:48.223+0700][gc,start      ] GC(4) Pause Young (Concurrent Start) (Metadata GC Threshold)
[2022-03-08T18:06:48.223+0700][gc,task       ] GC(4) Using 8 workers of 8 for evacuation
[2022-03-08T18:06:48.229+0700][gc,phases     ] GC(4)   Pre Evacuate Collection Set: 0.1ms
[2022-03-08T18:06:48.229+0700][gc,phases     ] GC(4)   Evacuate Collection Set: 4.7ms
[2022-03-08T18:06:48.229+0700][gc,phases     ] GC(4)   Post Evacuate Collection Set: 1.1ms
[2022-03-08T18:06:48.230+0700][gc,phases     ] GC(4)   Other: 0.4ms
[2022-03-08T18:06:48.230+0700][gc,heap       ] GC(4) Eden regions: 35->0(44)
[2022-03-08T18:06:48.230+0700][gc,heap       ] GC(4) Survivor regions: 4->7(7)
[2022-03-08T18:06:48.230+0700][gc,heap       ] GC(4) Old regions: 9->9
[2022-03-08T18:06:48.230+0700][gc,heap       ] GC(4) Humongous regions: 129->129
[2022-03-08T18:06:48.230+0700][gc,metaspace  ] GC(4) Metaspace: 34611K->34611K(1081344K)
[2022-03-08T18:06:48.230+0700][gc            ] GC(4) Pause Young (Concurrent Start) (Metadata GC Threshold) 174M->142M(1024M) 6.496ms
[2022-03-08T18:06:48.230+0700][gc,cpu        ] GC(4) User=0.01s Sys=0.01s Real=0.01s
[2022-03-08T18:06:48.230+0700][gc            ] GC(5) Concurrent Cycle
[2022-03-08T18:06:48.230+0700][gc,marking    ] GC(5) Concurrent Clear Claimed Marks
[2022-03-08T18:06:48.230+0700][gc,marking    ] GC(5) Concurrent Clear Claimed Marks 0.125ms
[2022-03-08T18:06:48.230+0700][gc,marking    ] GC(5) Concurrent Scan Root Regions
[2022-03-08T18:06:48.233+0700][gc,marking    ] GC(5) Concurrent Scan Root Regions 3.387ms
[2022-03-08T18:06:48.233+0700][gc,marking    ] GC(5) Concurrent Mark (22.854s)
[2022-03-08T18:06:48.233+0700][gc,marking    ] GC(5) Concurrent Mark From Roots
[2022-03-08T18:06:48.233+0700][gc,task       ] GC(5) Using 2 workers of 2 for marking
[2022-03-08T18:06:48.241+0700][gc,marking    ] GC(5) Concurrent Mark From Roots 7.635ms
[2022-03-08T18:06:48.241+0700][gc,marking    ] GC(5) Concurrent Preclean
[2022-03-08T18:06:48.241+0700][gc,marking    ] GC(5) Concurrent Preclean 0.176ms
[2022-03-08T18:06:48.241+0700][gc,marking    ] GC(5) Concurrent Mark (22.854s, 22.862s) 8.014ms
[2022-03-08T18:06:48.242+0700][gc,start      ] GC(5) Pause Remark
[2022-03-08T18:06:48.246+0700][gc,stringtable] GC(5) Cleaned string and symbol table, strings: 10484 processed, 10 removed, symbols: 81732 processed, 18 removed
[2022-03-08T18:06:48.246+0700][gc            ] GC(5) Pause Remark 143M->143M(1024M) 4.594ms
[2022-03-08T18:06:48.247+0700][gc,cpu        ] GC(5) User=0.01s Sys=0.02s Real=0.01s
[2022-03-08T18:06:48.247+0700][gc,marking    ] GC(5) Concurrent Rebuild Remembered Sets
[2022-03-08T18:06:48.260+0700][gc,marking    ] GC(5) Concurrent Rebuild Remembered Sets 13.774ms
[2022-03-08T18:06:48.261+0700][gc,start      ] GC(5) Pause Cleanup
[2022-03-08T18:06:48.261+0700][gc            ] GC(5) Pause Cleanup 143M->143M(1024M) 0.396ms
[2022-03-08T18:06:48.261+0700][gc,cpu        ] GC(5) User=0.01s Sys=0.00s Real=0.00s
[2022-03-08T18:06:48.261+0700][gc,marking    ] GC(5) Concurrent Cleanup for Next Mark
[2022-03-08T18:06:48.275+0700][gc,marking    ] GC(5) Concurrent Cleanup for Next Mark 13.848ms
[2022-03-08T18:06:48.275+0700][gc            ] GC(5) Concurrent Cycle 45.728ms
[2022-03-08T18:11:14.543+0700][gc,start      ] GC(6) Pause Young (Normal) (G1 Evacuation Pause)
[2022-03-08T18:11:14.544+0700][gc,task       ] GC(6) Using 8 workers of 8 for evacuation
[2022-03-08T18:11:14.583+0700][gc,mmu        ] GC(6) MMU target violated: 21.0ms (20.0ms/21.0ms)
[2022-03-08T18:11:14.583+0700][gc,phases     ] GC(6)   Pre Evacuate Collection Set: 0.2ms
[2022-03-08T18:11:14.583+0700][gc,phases     ] GC(6)   Evacuate Collection Set: 37.3ms
[2022-03-08T18:11:14.583+0700][gc,phases     ] GC(6)   Post Evacuate Collection Set: 1.9ms
[2022-03-08T18:11:14.583+0700][gc,phases     ] GC(6)   Other: 0.6ms
[2022-03-08T18:11:14.583+0700][gc,heap       ] GC(6) Eden regions: 44->0(45)
[2022-03-08T18:11:14.583+0700][gc,heap       ] GC(6) Survivor regions: 7->6(7)
[2022-03-08T18:11:14.584+0700][gc,heap       ] GC(6) Old regions: 9->12
[2022-03-08T18:11:14.584+0700][gc,heap       ] GC(6) Humongous regions: 141->129
[2022-03-08T18:11:14.584+0700][gc,metaspace  ] GC(6) Metaspace: 41533K->41533K(1087488K)
[2022-03-08T18:11:14.584+0700][gc            ] GC(6) Pause Young (Normal) (G1 Evacuation Pause) 198M->144M(1024M) 40.104ms
[2022-03-08T18:11:14.584+0700][gc,cpu        ] GC(6) User=0.17s Sys=0.13s Real=0.04s
[2022-03-08T18:24:31.896+0700][gc,start      ] GC(7) Pause Young (Normal) (G1 Evacuation Pause)
[2022-03-08T18:24:31.896+0700][gc,task       ] GC(7) Using 8 workers of 8 for evacuation
[2022-03-08T18:24:31.902+0700][gc,phases     ] GC(7)   Pre Evacuate Collection Set: 0.2ms
[2022-03-08T18:24:31.902+0700][gc,phases     ] GC(7)   Evacuate Collection Set: 4.4ms
[2022-03-08T18:24:31.902+0700][gc,phases     ] GC(7)   Post Evacuate Collection Set: 1.1ms
[2022-03-08T18:24:31.902+0700][gc,phases     ] GC(7)   Other: 0.3ms
[2022-03-08T18:24:31.902+0700][gc,heap       ] GC(7) Eden regions: 45->0(46)
[2022-03-08T18:24:31.902+0700][gc,heap       ] GC(7) Survivor regions: 6->5(7)
[2022-03-08T18:24:31.902+0700][gc,heap       ] GC(7) Old regions: 12->15
[2022-03-08T18:24:31.902+0700][gc,heap       ] GC(7) Humongous regions: 129->129
[2022-03-08T18:24:31.902+0700][gc,metaspace  ] GC(7) Metaspace: 43699K->43699K(1089536K)
[2022-03-08T18:24:31.902+0700][gc            ] GC(7) Pause Young (Normal) (G1 Evacuation Pause) 189M->146M(1024M) 6.141ms
[2022-03-08T18:24:31.902+0700][gc,cpu        ] GC(7) User=0.03s Sys=0.01s Real=0.00s
[2022-03-08T18:48:57.263+0700][gc,start      ] GC(8) Pause Young (Normal) (G1 Evacuation Pause)
[2022-03-08T18:48:57.263+0700][gc,task       ] GC(8) Using 8 workers of 8 for evacuation
[2022-03-08T18:48:57.270+0700][gc,phases     ] GC(8)   Pre Evacuate Collection Set: 0.2ms
[2022-03-08T18:48:57.270+0700][gc,phases     ] GC(8)   Evacuate Collection Set: 5.1ms
[2022-03-08T18:48:57.270+0700][gc,phases     ] GC(8)   Post Evacuate Collection Set: 0.8ms
[2022-03-08T18:48:57.270+0700][gc,phases     ] GC(8)   Other: 0.4ms
[2022-03-08T18:48:57.270+0700][gc,heap       ] GC(8) Eden regions: 46->0(48)
[2022-03-08T18:48:57.270+0700][gc,heap       ] GC(8) Survivor regions: 5->3(7)
[2022-03-08T18:48:57.270+0700][gc,heap       ] GC(8) Old regions: 15->17
[2022-03-08T18:48:57.270+0700][gc,heap       ] GC(8) Humongous regions: 129->129
[2022-03-08T18:48:57.270+0700][gc,metaspace  ] GC(8) Metaspace: 44415K->44415K(1089536K)
[2022-03-08T18:48:57.270+0700][gc            ] GC(8) Pause Young (Normal) (G1 Evacuation Pause) 192M->146M(1024M) 6.623ms
[2022-03-08T18:48:57.270+0700][gc,cpu        ] GC(8) User=0.03s Sys=0.01s Real=0.00s
[2022-03-08T19:00:29.216+0700][gc,start      ] GC(9) Pause Young (Normal) (G1 Evacuation Pause)
[2022-03-08T19:00:29.216+0700][gc,task       ] GC(9) Using 8 workers of 8 for evacuation
[2022-03-08T19:00:29.221+0700][gc,phases     ] GC(9)   Pre Evacuate Collection Set: 0.2ms
[2022-03-08T19:00:29.221+0700][gc,phases     ] GC(9)   Evacuate Collection Set: 3.2ms
[2022-03-08T19:00:29.221+0700][gc,phases     ] GC(9)   Post Evacuate Collection Set: 1.3ms
[2022-03-08T19:00:29.221+0700][gc,phases     ] GC(9)   Other: 0.3ms
[2022-03-08T19:00:29.221+0700][gc,heap       ] GC(9) Eden regions: 48->0(48)
[2022-03-08T19:00:29.221+0700][gc,heap       ] GC(9) Survivor regions: 3->3(7)
[2022-03-08T19:00:29.221+0700][gc,heap       ] GC(9) Old regions: 17->17
[2022-03-08T19:00:29.221+0700][gc,heap       ] GC(9) Humongous regions: 129->129
[2022-03-08T19:00:29.221+0700][gc,metaspace  ] GC(9) Metaspace: 44595K->44595K(1089536K)
[2022-03-08T19:00:29.221+0700][gc            ] GC(9) Pause Young (Normal) (G1 Evacuation Pause) 194M->146M(1024M) 5.102ms
[2022-03-08T19:00:29.221+0700][gc,cpu        ] GC(9) User=0.02s Sys=0.00s Real=0.00s
[2022-03-08T19:28:30.092+0700][gc,start      ] GC(10) Pause Young (Normal) (G1 Evacuation Pause)
[2022-03-08T19:28:30.092+0700][gc,task       ] GC(10) Using 8 workers of 8 for evacuation
[2022-03-08T19:28:30.239+0700][gc,mmu        ] GC(10) MMU target violated: 21.0ms (20.0ms/21.0ms)
[2022-03-08T19:28:30.239+0700][gc,phases     ] GC(10)   Pre Evacuate Collection Set: 14.4ms
[2022-03-08T19:28:30.239+0700][gc,phases     ] GC(10)   Evacuate Collection Set: 117.7ms
[2022-03-08T19:28:30.239+0700][gc,phases     ] GC(10)   Post Evacuate Collection Set: 13.8ms
[2022-03-08T19:28:30.239+0700][gc,phases     ] GC(10)   Other: 1.2ms
[2022-03-08T19:28:30.239+0700][gc,heap       ] GC(10) Eden regions: 48->0(47)
[2022-03-08T19:28:30.239+0700][gc,heap       ] GC(10) Survivor regions: 3->4(7)
[2022-03-08T19:28:30.239+0700][gc,heap       ] GC(10) Old regions: 17->17
[2022-03-08T19:28:30.239+0700][gc,heap       ] GC(10) Humongous regions: 129->129
[2022-03-08T19:28:30.239+0700][gc,metaspace  ] GC(10) Metaspace: 45026K->45026K(1089536K)
[2022-03-08T19:28:30.239+0700][gc            ] GC(10) Pause Young (Normal) (G1 Evacuation Pause) 194M->147M(1024M) 147.318ms
[2022-03-08T19:28:30.239+0700][gc,cpu        ] GC(10) User=0.65s Sys=0.02s Real=0.15s
[2022-03-08T19:46:28.443+0700][gc,start      ] GC(11) Pause Young (Normal) (G1 Evacuation Pause)
[2022-03-08T19:46:28.443+0700][gc,task       ] GC(11) Using 8 workers of 8 for evacuation
[2022-03-08T19:46:28.793+0700][gc,mmu        ] GC(11) MMU target violated: 21.0ms (20.0ms/21.0ms)
[2022-03-08T19:46:28.793+0700][gc,phases     ] GC(11)   Pre Evacuate Collection Set: 0.2ms
[2022-03-08T19:46:28.793+0700][gc,phases     ] GC(11)   Evacuate Collection Set: 348.3ms
[2022-03-08T19:46:28.793+0700][gc,phases     ] GC(11)   Post Evacuate Collection Set: 1.0ms
[2022-03-08T19:46:28.793+0700][gc,phases     ] GC(11)   Other: 0.4ms
[2022-03-08T19:46:28.793+0700][gc,heap       ] GC(11) Eden regions: 47->0(46)
[2022-03-08T19:46:28.793+0700][gc,heap       ] GC(11) Survivor regions: 4->5(7)
[2022-03-08T19:46:28.793+0700][gc,heap       ] GC(11) Old regions: 17->17
[2022-03-08T19:46:28.793+0700][gc,heap       ] GC(11) Humongous regions: 129->129
[2022-03-08T19:46:28.793+0700][gc,metaspace  ] GC(11) Metaspace: 45266K->45266K(1089536K)
[2022-03-08T19:46:28.793+0700][gc            ] GC(11) Pause Young (Normal) (G1 Evacuation Pause) 194M->148M(1024M) 349.943ms
[2022-03-08T19:46:28.793+0700][gc,cpu        ] GC(11) User=2.25s Sys=0.47s Real=0.35s
[2022-03-08T20:05:03.376+0700][gc,start      ] GC(12) Pause Young (Normal) (G1 Evacuation Pause)
[2022-03-08T20:05:03.376+0700][gc,task       ] GC(12) Using 8 workers of 8 for evacuation
[2022-03-08T20:05:04.286+0700][gc,mmu        ] GC(12) MMU target violated: 21.0ms (20.0ms/21.0ms)
[2022-03-08T20:05:04.286+0700][gc,phases     ] GC(12)   Pre Evacuate Collection Set: 0.2ms
[2022-03-08T20:05:04.286+0700][gc,phases     ] GC(12)   Evacuate Collection Set: 909.1ms
[2022-03-08T20:05:04.286+0700][gc,phases     ] GC(12)   Post Evacuate Collection Set: 1.0ms
[2022-03-08T20:05:04.286+0700][gc,phases     ] GC(12)   Other: 78.5ms
[2022-03-08T20:05:04.286+0700][gc,heap       ] GC(12) Eden regions: 46->0(48)
[2022-03-08T20:05:04.286+0700][gc,heap       ] GC(12) Survivor regions: 5->3(7)
[2022-03-08T20:05:04.286+0700][gc,heap       ] GC(12) Old regions: 17->18
[2022-03-08T20:05:04.286+0700][gc,heap       ] GC(12) Humongous regions: 129->129
[2022-03-08T20:05:04.286+0700][gc,metaspace  ] GC(12) Metaspace: 45432K->45432K(1091584K)
[2022-03-08T20:05:04.286+0700][gc            ] GC(12) Pause Young (Normal) (G1 Evacuation Pause) 194M->147M(1024M) 910.850ms
[2022-03-08T20:05:04.286+0700][gc,cpu        ] GC(12) User=4.88s Sys=0.00s Real=0.91s
[2022-03-08T20:20:42.228+0700][gc,start      ] GC(13) Pause Young (Normal) (G1 Evacuation Pause)
[2022-03-08T20:20:42.228+0700][gc,task       ] GC(13) Using 8 workers of 8 for evacuation
[2022-03-08T20:20:42.482+0700][gc,mmu        ] GC(13) MMU target violated: 21.0ms (20.0ms/21.0ms)
[2022-03-08T20:20:42.482+0700][gc,phases     ] GC(13)   Pre Evacuate Collection Set: 0.2ms
[2022-03-08T20:20:42.482+0700][gc,phases     ] GC(13)   Evacuate Collection Set: 252.8ms
[2022-03-08T20:20:42.482+0700][gc,phases     ] GC(13)   Post Evacuate Collection Set: 1.1ms
[2022-03-08T20:20:42.482+0700][gc,phases     ] GC(13)   Other: 0.4ms
[2022-03-08T20:20:42.482+0700][gc,heap       ] GC(13) Eden regions: 48->0(46)
[2022-03-08T20:20:42.482+0700][gc,heap       ] GC(13) Survivor regions: 3->5(7)
[2022-03-08T20:20:42.482+0700][gc,heap       ] GC(13) Old regions: 18->18
[2022-03-08T20:20:42.482+0700][gc,heap       ] GC(13) Humongous regions: 129->129
[2022-03-08T20:20:42.482+0700][gc,metaspace  ] GC(13) Metaspace: 45651K->45651K(1091584K)
[2022-03-08T20:20:42.482+0700][gc            ] GC(13) Pause Young (Normal) (G1 Evacuation Pause) 195M->148M(1024M) 254.546ms
[2022-03-08T20:20:42.482+0700][gc,cpu        ] GC(13) User=1.74s Sys=0.28s Real=0.25s
[2022-03-08T20:27:14.222+0700][gc,start      ] GC(14) Pause Young (Normal) (G1 Evacuation Pause)
[2022-03-08T20:27:14.222+0700][gc,task       ] GC(14) Using 8 workers of 8 for evacuation
[2022-03-08T20:27:14.246+0700][gc,mmu        ] GC(14) MMU target violated: 21.0ms (20.0ms/21.0ms)
[2022-03-08T20:27:14.246+0700][gc,phases     ] GC(14)   Pre Evacuate Collection Set: 0.2ms
[2022-03-08T20:27:14.246+0700][gc,phases     ] GC(14)   Evacuate Collection Set: 21.9ms
[2022-03-08T20:27:14.246+0700][gc,phases     ] GC(14)   Post Evacuate Collection Set: 1.5ms
[2022-03-08T20:27:14.246+0700][gc,phases     ] GC(14)   Other: 6.0ms
[2022-03-08T20:27:14.246+0700][gc,heap       ] GC(14) Eden regions: 46->0(47)
[2022-03-08T20:27:14.246+0700][gc,heap       ] GC(14) Survivor regions: 5->4(7)
[2022-03-08T20:27:14.246+0700][gc,heap       ] GC(14) Old regions: 18->18
[2022-03-08T20:27:14.246+0700][gc,heap       ] GC(14) Humongous regions: 129->129
[2022-03-08T20:27:14.246+0700][gc,metaspace  ] GC(14) Metaspace: 45825K->45825K(1091584K)
[2022-03-08T20:27:14.246+0700][gc            ] GC(14) Pause Young (Normal) (G1 Evacuation Pause) 194M->148M(1024M) 24.240ms
[2022-03-08T20:27:14.246+0700][gc,cpu        ] GC(14) User=0.17s Sys=0.00s Real=0.03s
[2022-03-08T20:47:02.170+0700][gc,start      ] GC(15) Pause Young (Normal) (G1 Evacuation Pause)
[2022-03-08T20:47:02.170+0700][gc,task       ] GC(15) Using 8 workers of 8 for evacuation
[2022-03-08T20:47:02.331+0700][gc,mmu        ] GC(15) MMU target violated: 21.0ms (20.0ms/21.0ms)
[2022-03-08T20:47:02.331+0700][gc,phases     ] GC(15)   Pre Evacuate Collection Set: 0.2ms
[2022-03-08T20:47:02.331+0700][gc,phases     ] GC(15)   Evacuate Collection Set: 159.2ms
[2022-03-08T20:47:02.331+0700][gc,phases     ] GC(15)   Post Evacuate Collection Set: 1.1ms
[2022-03-08T20:47:02.331+0700][gc,phases     ] GC(15)   Other: 0.5ms
[2022-03-08T20:47:02.331+0700][gc,heap       ] GC(15) Eden regions: 47->0(47)
[2022-03-08T20:47:02.331+0700][gc,heap       ] GC(15) Survivor regions: 4->4(7)
[2022-03-08T20:47:02.331+0700][gc,heap       ] GC(15) Old regions: 18->18
[2022-03-08T20:47:02.331+0700][gc,heap       ] GC(15) Humongous regions: 129->129
[2022-03-08T20:47:02.331+0700][gc,metaspace  ] GC(15) Metaspace: 45945K->45945K(1091584K)
[2022-03-08T20:47:02.331+0700][gc            ] GC(15) Pause Young (Normal) (G1 Evacuation Pause) 195M->148M(1024M) 161.002ms
[2022-03-08T20:47:02.331+0700][gc,cpu        ] GC(15) User=0.45s Sys=0.11s Real=0.16s
[2022-03-08T20:56:47.525+0700][gc,start      ] GC(16) Pause Young (Normal) (G1 Evacuation Pause)
[2022-03-08T20:56:47.525+0700][gc,task       ] GC(16) Using 8 workers of 8 for evacuation
[2022-03-08T20:56:48.501+0700][gc,mmu        ] GC(16) MMU target violated: 21.0ms (20.0ms/21.0ms)
[2022-03-08T20:56:48.501+0700][gc,phases     ] GC(16)   Pre Evacuate Collection Set: 0.2ms
[2022-03-08T20:56:48.501+0700][gc,phases     ] GC(16)   Evacuate Collection Set: 974.4ms
[2022-03-08T20:56:48.501+0700][gc,phases     ] GC(16)   Post Evacuate Collection Set: 1.5ms
[2022-03-08T20:56:48.501+0700][gc,phases     ] GC(16)   Other: 56.0ms
[2022-03-08T20:56:48.501+0700][gc,heap       ] GC(16) Eden regions: 47->0(46)
[2022-03-08T20:56:48.501+0700][gc,heap       ] GC(16) Survivor regions: 4->5(7)
[2022-03-08T20:56:48.501+0700][gc,heap       ] GC(16) Old regions: 18->18
[2022-03-08T20:56:48.501+0700][gc,heap       ] GC(16) Humongous regions: 129->129
[2022-03-08T20:56:48.501+0700][gc,metaspace  ] GC(16) Metaspace: 45957K->45957K(1091584K)
[2022-03-08T20:56:48.501+0700][gc            ] GC(16) Pause Young (Normal) (G1 Evacuation Pause) 195M->149M(1024M) 976.592ms
[2022-03-08T20:56:48.501+0700][gc,cpu        ] GC(16) User=5.86s Sys=1.90s Real=0.97s
[2022-03-08T21:05:05.027+0700][gc,start      ] GC(17) Pause Young (Normal) (G1 Evacuation Pause)
[2022-03-08T21:05:05.027+0700][gc,task       ] GC(17) Using 8 workers of 8 for evacuation
[2022-03-08T21:05:05.077+0700][gc,mmu        ] GC(17) MMU target violated: 21.0ms (20.0ms/21.0ms)
[2022-03-08T21:05:05.077+0700][gc,phases     ] GC(17)   Pre Evacuate Collection Set: 0.1ms
[2022-03-08T21:05:05.077+0700][gc,phases     ] GC(17)   Evacuate Collection Set: 48.7ms
[2022-03-08T21:05:05.077+0700][gc,phases     ] GC(17)   Post Evacuate Collection Set: 0.7ms
[2022-03-08T21:05:05.077+0700][gc,phases     ] GC(17)   Other: 0.4ms
[2022-03-08T21:05:05.077+0700][gc,heap       ] GC(17) Eden regions: 46->0(47)
[2022-03-08T21:05:05.077+0700][gc,heap       ] GC(17) Survivor regions: 5->4(7)
[2022-03-08T21:05:05.077+0700][gc,heap       ] GC(17) Old regions: 18->19
[2022-03-08T21:05:05.077+0700][gc,heap       ] GC(17) Humongous regions: 129->129
[2022-03-08T21:05:05.077+0700][gc,metaspace  ] GC(17) Metaspace: 46698K->46698K(1091584K)
[2022-03-08T21:05:05.077+0700][gc            ] GC(17) Pause Young (Normal) (G1 Evacuation Pause) 195M->149M(1024M) 50.010ms
[2022-03-08T21:05:05.077+0700][gc,cpu        ] GC(17) User=0.38s Sys=0.00s Real=0.05s
[2022-03-08T21:05:06.704+0700][gc,heap,exit  ] Heap
[2022-03-08T21:05:06.704+0700][gc,heap,exit  ]  garbage-first heap   total 1048576K, used 154568K [0x00000000c0000000, 0x0000000100000000)
[2022-03-08T21:05:06.704+0700][gc,heap,exit  ]   region size 1024K, 6 young (6144K), 4 survivors (4096K)
[2022-03-08T21:05:06.704+0700][gc,heap,exit  ]  Metaspace       used 46731K, capacity 49950K, committed 50172K, reserved 1091584K
[2022-03-08T21:05:06.704+0700][gc,heap,exit  ]   class space    used 6113K, capacity 7644K, committed 7680K, reserved 1048576K
