[2022-03-08T21:07:04.226+0700][gc,heap] Heap region size: 1M
[2022-03-08T21:07:04.242+0700][gc     ] Using G1
[2022-03-08T21:07:04.243+0700][gc,heap,coops] Heap address: 0x00000000c0000000, size: 1024 MB, Compressed Oops mode: 32-bit
[2022-03-08T21:07:04.243+0700][gc,cds       ] Mark closed archive regions in map: [0x00000000fff00000, 0x00000000fff6aff8]
[2022-03-08T21:07:04.243+0700][gc,cds       ] Mark open archive regions in map: [0x00000000ffe00000, 0x00000000ffe46ff8]
[2022-03-08T21:07:07.448+0700][gc,start     ] GC(0) Pause Young (Normal) (G1 Evacuation Pause)
[2022-03-08T21:07:07.450+0700][gc,task      ] GC(0) Using 8 workers of 8 for evacuation
[2022-03-08T21:07:07.465+0700][gc,phases    ] GC(0)   Pre Evacuate Collection Set: 0.1ms
[2022-03-08T21:07:07.465+0700][gc,phases    ] GC(0)   Evacuate Collection Set: 13.7ms
[2022-03-08T21:07:07.465+0700][gc,phases    ] GC(0)   Post Evacuate Collection Set: 0.9ms
[2022-03-08T21:07:07.465+0700][gc,phases    ] GC(0)   Other: 1.6ms
[2022-03-08T21:07:07.465+0700][gc,heap      ] GC(0) Eden regions: 51->0(44)
[2022-03-08T21:07:07.465+0700][gc,heap      ] GC(0) Survivor regions: 0->7(7)
[2022-03-08T21:07:07.465+0700][gc,heap      ] GC(0) Old regions: 2->2
[2022-03-08T21:07:07.465+0700][gc,heap      ] GC(0) Humongous regions: 0->0
[2022-03-08T21:07:07.465+0700][gc,metaspace ] GC(0) Metaspace: 14860K->14860K(1062912K)
[2022-03-08T21:07:07.465+0700][gc           ] GC(0) Pause Young (Normal) (G1 Evacuation Pause) 51M->7M(1024M) 16.440ms
[2022-03-08T21:07:07.465+0700][gc,cpu       ] GC(0) User=0.03s Sys=0.08s Real=0.02s
[2022-03-08T21:07:11.249+0700][gc,start     ] GC(1) Pause Young (Concurrent Start) (Metadata GC Threshold)
[2022-03-08T21:07:11.249+0700][gc,task      ] GC(1) Using 8 workers of 8 for evacuation
[2022-03-08T21:07:11.260+0700][gc,phases    ] GC(1)   Pre Evacuate Collection Set: 0.1ms
[2022-03-08T21:07:11.260+0700][gc,phases    ] GC(1)   Evacuate Collection Set: 10.1ms
[2022-03-08T21:07:11.260+0700][gc,phases    ] GC(1)   Post Evacuate Collection Set: 0.7ms
[2022-03-08T21:07:11.260+0700][gc,phases    ] GC(1)   Other: 0.4ms
[2022-03-08T21:07:11.260+0700][gc,heap      ] GC(1) Eden regions: 25->0(49)
[2022-03-08T21:07:11.260+0700][gc,heap      ] GC(1) Survivor regions: 7->2(7)
[2022-03-08T21:07:11.260+0700][gc,heap      ] GC(1) Old regions: 2->9
[2022-03-08T21:07:11.260+0700][gc,heap      ] GC(1) Humongous regions: 0->0
[2022-03-08T21:07:11.260+0700][gc,metaspace ] GC(1) Metaspace: 20489K->20489K(1067008K)
[2022-03-08T21:07:11.260+0700][gc           ] GC(1) Pause Young (Concurrent Start) (Metadata GC Threshold) 31M->8M(1024M) 11.385ms
[2022-03-08T21:07:11.260+0700][gc,cpu       ] GC(1) User=0.06s Sys=0.00s Real=0.01s
[2022-03-08T21:07:11.260+0700][gc           ] GC(2) Concurrent Cycle
[2022-03-08T21:07:11.260+0700][gc,marking   ] GC(2) Concurrent Clear Claimed Marks
[2022-03-08T21:07:11.260+0700][gc,marking   ] GC(2) Concurrent Clear Claimed Marks 0.046ms
[2022-03-08T21:07:11.260+0700][gc,marking   ] GC(2) Concurrent Scan Root Regions
[2022-03-08T21:07:11.262+0700][gc,marking   ] GC(2) Concurrent Scan Root Regions 1.558ms
[2022-03-08T21:07:11.262+0700][gc,marking   ] GC(2) Concurrent Mark (7.201s)
[2022-03-08T21:07:11.262+0700][gc,marking   ] GC(2) Concurrent Mark From Roots
[2022-03-08T21:07:11.262+0700][gc,task      ] GC(2) Using 2 workers of 2 for marking
[2022-03-08T21:07:11.269+0700][gc,marking   ] GC(2) Concurrent Mark From Roots 6.640ms
[2022-03-08T21:07:11.269+0700][gc,marking   ] GC(2) Concurrent Preclean
[2022-03-08T21:07:11.269+0700][gc,marking   ] GC(2) Concurrent Preclean 0.182ms
[2022-03-08T21:07:11.269+0700][gc,marking   ] GC(2) Concurrent Mark (7.201s, 7.208s) 7.036ms
[2022-03-08T21:07:11.269+0700][gc,start     ] GC(2) Pause Remark
[2022-03-08T21:07:11.272+0700][gc,stringtable] GC(2) Cleaned string and symbol table, strings: 5111 processed, 0 removed, symbols: 50471 processed, 40 removed
[2022-03-08T21:07:11.272+0700][gc            ] GC(2) Pause Remark 8M->8M(1024M) 2.702ms
[2022-03-08T21:07:11.272+0700][gc,cpu        ] GC(2) User=0.01s Sys=0.00s Real=0.00s
[2022-03-08T21:07:11.272+0700][gc,marking    ] GC(2) Concurrent Rebuild Remembered Sets
[2022-03-08T21:07:11.275+0700][gc,marking    ] GC(2) Concurrent Rebuild Remembered Sets 2.750ms
[2022-03-08T21:07:11.360+0700][gc,start      ] GC(2) Pause Cleanup
[2022-03-08T21:07:11.360+0700][gc            ] GC(2) Pause Cleanup 8M->8M(1024M) 0.379ms
[2022-03-08T21:07:11.360+0700][gc,cpu        ] GC(2) User=0.00s Sys=0.00s Real=0.00s
[2022-03-08T21:07:11.360+0700][gc,marking    ] GC(2) Concurrent Cleanup for Next Mark
[2022-03-08T21:07:11.364+0700][gc,marking    ] GC(2) Concurrent Cleanup for Next Mark 3.666ms
[2022-03-08T21:07:11.364+0700][gc            ] GC(2) Concurrent Cycle 103.761ms
[2022-03-08T21:07:40.056+0700][gc,start      ] GC(3) Pause Young (Normal) (G1 Evacuation Pause)
[2022-03-08T21:07:40.057+0700][gc,task       ] GC(3) Using 8 workers of 8 for evacuation
[2022-03-08T21:07:40.060+0700][gc,phases     ] GC(3)   Pre Evacuate Collection Set: 0.1ms
[2022-03-08T21:07:40.061+0700][gc,phases     ] GC(3)   Evacuate Collection Set: 2.8ms
[2022-03-08T21:07:40.061+0700][gc,phases     ] GC(3)   Post Evacuate Collection Set: 0.8ms
[2022-03-08T21:07:40.061+0700][gc,phases     ] GC(3)   Other: 0.3ms
[2022-03-08T21:07:40.061+0700][gc,heap       ] GC(3) Eden regions: 49->0(47)
[2022-03-08T21:07:40.061+0700][gc,heap       ] GC(3) Survivor regions: 2->4(7)
[2022-03-08T21:07:40.061+0700][gc,heap       ] GC(3) Old regions: 9->9
[2022-03-08T21:07:40.061+0700][gc,heap       ] GC(3) Humongous regions: 129->129
[2022-03-08T21:07:40.061+0700][gc,metaspace  ] GC(3) Metaspace: 28860K->28860K(1075200K)
[2022-03-08T21:07:40.061+0700][gc            ] GC(3) Pause Young (Normal) (G1 Evacuation Pause) 186M->139M(1024M) 4.224ms
[2022-03-08T21:07:40.061+0700][gc,cpu        ] GC(3) User=0.02s Sys=0.01s Real=0.00s
[2022-03-08T21:07:41.606+0700][gc,start      ] GC(4) Pause Young (Concurrent Start) (Metadata GC Threshold)
[2022-03-08T21:07:41.606+0700][gc,task       ] GC(4) Using 8 workers of 8 for evacuation
[2022-03-08T21:07:41.614+0700][gc,phases     ] GC(4)   Pre Evacuate Collection Set: 0.1ms
[2022-03-08T21:07:41.614+0700][gc,phases     ] GC(4)   Evacuate Collection Set: 6.6ms
[2022-03-08T21:07:41.614+0700][gc,phases     ] GC(4)   Post Evacuate Collection Set: 0.8ms
[2022-03-08T21:07:41.614+0700][gc,phases     ] GC(4)   Other: 0.5ms
[2022-03-08T21:07:41.614+0700][gc,heap       ] GC(4) Eden regions: 38->0(44)
[2022-03-08T21:07:41.614+0700][gc,heap       ] GC(4) Survivor regions: 4->7(7)
[2022-03-08T21:07:41.614+0700][gc,heap       ] GC(4) Old regions: 9->9
[2022-03-08T21:07:41.614+0700][gc,heap       ] GC(4) Humongous regions: 129->129
[2022-03-08T21:07:41.614+0700][gc,metaspace  ] GC(4) Metaspace: 34725K->34725K(1081344K)
[2022-03-08T21:07:41.614+0700][gc            ] GC(4) Pause Young (Concurrent Start) (Metadata GC Threshold) 176M->142M(1024M) 8.080ms
[2022-03-08T21:07:41.614+0700][gc,cpu        ] GC(4) User=0.03s Sys=0.02s Real=0.01s
[2022-03-08T21:07:41.614+0700][gc            ] GC(5) Concurrent Cycle
[2022-03-08T21:07:41.614+0700][gc,marking    ] GC(5) Concurrent Clear Claimed Marks
[2022-03-08T21:07:41.614+0700][gc,marking    ] GC(5) Concurrent Clear Claimed Marks 0.101ms
[2022-03-08T21:07:41.614+0700][gc,marking    ] GC(5) Concurrent Scan Root Regions
[2022-03-08T21:07:41.617+0700][gc,marking    ] GC(5) Concurrent Scan Root Regions 3.082ms
[2022-03-08T21:07:41.617+0700][gc,marking    ] GC(5) Concurrent Mark (37.556s)
[2022-03-08T21:07:41.617+0700][gc,marking    ] GC(5) Concurrent Mark From Roots
[2022-03-08T21:07:41.617+0700][gc,task       ] GC(5) Using 2 workers of 2 for marking
[2022-03-08T21:07:41.627+0700][gc,marking    ] GC(5) Concurrent Mark From Roots 9.608ms
[2022-03-08T21:07:41.627+0700][gc,marking    ] GC(5) Concurrent Preclean
[2022-03-08T21:07:41.627+0700][gc,marking    ] GC(5) Concurrent Preclean 0.215ms
[2022-03-08T21:07:41.627+0700][gc,marking    ] GC(5) Concurrent Mark (37.556s, 37.566s) 10.063ms
[2022-03-08T21:07:41.628+0700][gc,start      ] GC(5) Pause Remark
[2022-03-08T21:07:41.634+0700][gc,stringtable] GC(5) Cleaned string and symbol table, strings: 10535 processed, 8 removed, symbols: 82010 processed, 18 removed
[2022-03-08T21:07:41.635+0700][gc            ] GC(5) Pause Remark 143M->143M(1024M) 7.115ms
[2022-03-08T21:07:41.635+0700][gc,cpu        ] GC(5) User=0.05s Sys=0.00s Real=0.01s
[2022-03-08T21:07:41.635+0700][gc,marking    ] GC(5) Concurrent Rebuild Remembered Sets
[2022-03-08T21:07:41.638+0700][gc,marking    ] GC(5) Concurrent Rebuild Remembered Sets 3.104ms
[2022-03-08T21:07:41.639+0700][gc,start      ] GC(5) Pause Cleanup
[2022-03-08T21:07:41.639+0700][gc            ] GC(5) Pause Cleanup 143M->143M(1024M) 0.333ms
[2022-03-08T21:07:41.639+0700][gc,cpu        ] GC(5) User=0.00s Sys=0.00s Real=0.00s
[2022-03-08T21:07:41.639+0700][gc,marking    ] GC(5) Concurrent Cleanup for Next Mark
[2022-03-08T21:07:41.863+0700][gc,marking    ] GC(5) Concurrent Cleanup for Next Mark 224.098ms
[2022-03-08T21:07:41.863+0700][gc            ] GC(5) Concurrent Cycle 249.216ms
[2022-03-08T21:07:51.100+0700][gc,start      ] GC(6) Pause Young (Normal) (G1 Evacuation Pause)
[2022-03-08T21:07:51.100+0700][gc,task       ] GC(6) Using 8 workers of 8 for evacuation
[2022-03-08T21:07:51.114+0700][gc,phases     ] GC(6)   Pre Evacuate Collection Set: 0.1ms
[2022-03-08T21:07:51.114+0700][gc,phases     ] GC(6)   Evacuate Collection Set: 12.4ms
[2022-03-08T21:07:51.114+0700][gc,phases     ] GC(6)   Post Evacuate Collection Set: 1.1ms
[2022-03-08T21:07:51.114+0700][gc,phases     ] GC(6)   Other: 0.3ms
[2022-03-08T21:07:51.114+0700][gc,heap       ] GC(6) Eden regions: 44->0(45)
[2022-03-08T21:07:51.114+0700][gc,heap       ] GC(6) Survivor regions: 7->6(7)
[2022-03-08T21:07:51.114+0700][gc,heap       ] GC(6) Old regions: 9->12
[2022-03-08T21:07:51.114+0700][gc,heap       ] GC(6) Humongous regions: 297->135
[2022-03-08T21:07:51.114+0700][gc,metaspace  ] GC(6) Metaspace: 41986K->41986K(1087488K)
[2022-03-08T21:07:51.114+0700][gc            ] GC(6) Pause Young (Normal) (G1 Evacuation Pause) 354M->150M(1024M) 14.046ms
[2022-03-08T21:07:51.114+0700][gc,cpu        ] GC(6) User=0.01s Sys=0.09s Real=0.02s
